[0.012s][info][gc] Using G1
[1.203s][info][gc] GC(0) Pause Young (Normal) (G1 Evacuation Pause) 204M->10M(4096M) 9.987ms
[1.322s][info][gc] GC(1) Pause Young (Concurrent Start) (Metadata GC Threshold) 42M->10M(4096M) 18.023ms
[1.322s][info][gc] GC(2) Concurrent Mark Cycle
[1.332s][info][gc] GC(2) Pause Remark 11M->11M(4096M) 2.350ms
[1.333s][info][gc] GC(2) Pause Cleanup 12M->12M(4096M) 0.019ms
[1.364s][info][gc] GC(2) Concurrent Mark Cycle 42.347ms
[2.230s][info][gc] GC(3) Pause Young (Normal) (G1 Evacuation Pause) 404M->15M(4096M) 29.176ms
[2.248s][info][gc] GC(4) Pause Young (Concurrent Start) (Metadata GC Threshold) 23M->16M(4096M) 7.750ms
[2.248s][info][gc] GC(5) Concurrent Mark Cycle
[2.260s][info][gc] GC(5) Pause Remark 23M->23M(4096M) 3.678ms
[2.264s][info][gc] GC(5) Pause Cleanup 23M->23M(4096M) 0.047ms
[2.279s][info][gc] GC(5) Concurrent Mark Cycle 30.644ms
[4.698s][info][gc] GC(6) Pause Young (Concurrent Start) (Metadata GC Threshold) 700M->27M(4096M) 34.385ms
[4.698s][info][gc] GC(7) Concurrent Mark Cycle
[4.713s][info][gc] GC(7) Pause Remark 31M->31M(4096M) 3.234ms
[4.713s][info][gc] GC(7) Pause Cleanup 31M->31M(4096M) 0.043ms
[4.715s][info][gc] GC(7) Concurrent Mark Cycle 17.340ms
[9.396s][info][gc] GC(8) Pause Young (Concurrent Start) (Metadata GC Threshold) 1074M->47M(4096M) 56.051ms
[9.397s][info][gc] GC(9) Concurrent Mark Cycle
[9.426s][info][gc] GC(9) Pause Remark 56M->56M(4096M) 5.842ms
[9.427s][info][gc] GC(9) Pause Cleanup 56M->56M(4096M) 0.020ms
[9.429s][info][gc] GC(9) Concurrent Mark Cycle 31.468ms
[18.836s][info][gc] GC(10) Pause Young (Normal) (G1 Evacuation Pause) 2459M->220M(4096M) 449.179ms
[18.996s][info][gc] GC(11) Pause Young (Normal) (G1 Evacuation Pause) 222M->178M(4096M) 141.030ms
[24.073s][info][gc] GC(12) Pause Young (Concurrent Start) (Metadata GC Threshold) 1513M->207M(4096M) 66.790ms
[24.073s][info][gc] GC(13) Concurrent Mark Cycle
[24.563s][info][gc] GC(13) Pause Remark 281M->281M(4096M) 20.484ms
[24.642s][info][gc] GC(13) Pause Cleanup 319M->319M(4096M) 0.122ms
[24.731s][info][gc] GC(13) Concurrent Mark Cycle 657.796ms
[28.319s][info][gc] GC(14) Pause Young (Prepare Mixed) (G1 Evacuation Pause) 1619M->325M(4096M) 196.262ms
[28.476s][info][gc] GC(15) Pause Young (Mixed) (G1 Evacuation Pause) 385M->331M(4096M) 77.431ms
[30.818s][info][gc] GC(16) Pause Young (Mixed) (G1 Evacuation Pause) 2043M->487M(4096M) 119.229ms
[31.123s][info][gc] GC(17) Pause Young (Normal) (G1 Evacuation Pause) 693M->495M(4096M) 39.357ms
[33.928s][info][gc] GC(18) Pause Young (Normal) (G1 Evacuation Pause) 2237M->572M(4096M) 67.007ms
[34.947s][info][gc] GC(19) Pause Young (Normal) (G1 Evacuation Pause) 1914M->766M(4096M) 106.040ms
[35.373s][info][gc] GC(20) Pause Young (Normal) (G1 Evacuation Pause) 1374M->779M(4096M) 90.110ms
[38.459s][info][gc] GC(21) Pause Young (Normal) (G1 Evacuation Pause) 3233M->853M(4096M) 209.893ms
[38.888s][info][gc] GC(22) Pause Young (Normal) (G1 Evacuation Pause) 1345M->870M(4096M) 55.080ms
[40.940s][info][gc] GC(23) Pause Young (Normal) (G1 Evacuation Pause) 3154M->945M(4096M) 284.427ms
[41.106s][info][gc] GC(24) Pause Young (Normal) (G1 Evacuation Pause) 1055M->951M(4096M) 44.348ms
[61.513s][info][gc] GC(25) Pause Young (Normal) (G1 Evacuation Pause) 2865M->1029M(4096M) 120.618ms
[62.322s][info][gc] GC(26) Pause Young (Normal) (G1 Evacuation Pause) 1653M->1074M(4096M) 62.449ms
[63.229s][info][gc] GC(27) Pause Young (Normal) (G1 Evacuation Pause) 2298M->1147M(4096M) 33.062ms
[64.683s][info][gc] GC(28) Pause Young (Normal) (G1 Evacuation Pause) 2609M->1271M(4096M) 96.825ms
[65.539s][info][gc] GC(29) Pause Young (Normal) (G1 Evacuation Pause) 2051M->1305M(4096M) 44.660ms
[69.835s][info][gc] GC(30) Pause Young (Concurrent Start) (G1 Humongous Allocation) 2515M->1424M(4096M) 51.423ms
[69.836s][info][gc] GC(31) Concurrent Undo Cycle
[69.837s][info][gc] GC(31) Concurrent Undo Cycle 0.945ms
[71.840s][info][gc] GC(32) Pause Young (Normal) (G1 Evacuation Pause) 3130M->1515M(4096M) 72.017ms
[77.789s][info][gc] GC(33) Pause Young (Normal) (G1 Evacuation Pause) 2847M->1407M(4096M) 127.969ms
[78.836s][info][gc] GC(34) Pause Young (Concurrent Start) (G1 Humongous Allocation) 3049M->1475M(4096M) 62.493ms
[78.837s][info][gc] GC(35) Concurrent Undo Cycle
[78.838s][info][gc] GC(35) Concurrent Undo Cycle 0.836ms
[79.296s][info][gc] GC(36) Pause Young (Concurrent Start) (G1 Humongous Allocation) 2296M->1589M(4096M) 41.178ms
[79.296s][info][gc] GC(37) Concurrent Undo Cycle
[79.297s][info][gc] GC(37) Concurrent Undo Cycle 0.776ms
[80.671s][info][gc] GC(38) Pause Young (Normal) (G1 Evacuation Pause) 2881M->1651M(4096M) 159.615ms
[87.884s][info][gc] GC(39) Pause Young (Normal) (G1 Evacuation Pause) 2911M->1630M(4096M) 148.395ms
[88.788s][info][gc] GC(40) Pause Young (Concurrent Start) (G1 Humongous Allocation) 2594M->1691M(4096M) 45.411ms
[88.788s][info][gc] GC(41) Concurrent Undo Cycle
[88.789s][info][gc] GC(41) Concurrent Undo Cycle 0.862ms
[89.088s][info][gc] GC(42) Pause Young (Concurrent Start) (G1 Humongous Allocation) 2190M->1784M(4096M) 37.393ms
[89.088s][info][gc] GC(43) Concurrent Undo Cycle
[89.088s][info][gc] GC(43) Concurrent Undo Cycle 0.396ms
[89.192s][info][gc] GC(44) Pause Young (Concurrent Start) (G1 Humongous Allocation) 1945M->1777M(4096M) 9.255ms
[89.193s][info][gc] GC(45) Concurrent Undo Cycle
[89.194s][info][gc] GC(45) Concurrent Undo Cycle 0.996ms
[89.313s][info][gc] GC(46) Pause Young (Concurrent Start) (G1 Humongous Allocation) 2076M->1833M(4096M) 14.432ms
[89.313s][info][gc] GC(47) Concurrent Undo Cycle
[89.314s][info][gc] GC(47) Concurrent Undo Cycle 0.460ms
[98.568s][info][gc] GC(48) Pause Young (Normal) (G1 Evacuation Pause) 3699M->1893M(4096M) 230.478ms
[99.414s][info][gc] GC(49) Pause Young (Concurrent Start) (G1 Humongous Allocation) 2139M->1774M(4096M) 62.802ms
[99.414s][info][gc] GC(50) Concurrent Undo Cycle
[99.415s][info][gc] GC(50) Concurrent Undo Cycle 1.256ms
[99.499s][info][gc] GC(51) Pause Young (Concurrent Start) (G1 Humongous Allocation) 1874M->1776M(4096M) 5.438ms
[99.499s][info][gc] GC(52) Concurrent Undo Cycle
[99.501s][info][gc] GC(52) Concurrent Undo Cycle 1.180ms
[99.581s][info][gc] GC(53) Pause Young (Concurrent Start) (G1 Humongous Allocation) 1917M->1777M(4096M) 6.237ms
[99.581s][info][gc] GC(54) Concurrent Undo Cycle
[99.582s][info][gc] GC(54) Concurrent Undo Cycle 0.625ms
[99.647s][info][gc] GC(55) Pause Young (Concurrent Start) (G1 Humongous Allocation) 1951M->1812M(4096M) 6.064ms
[99.647s][info][gc] GC(56) Concurrent Undo Cycle
[99.648s][info][gc] GC(56) Concurrent Undo Cycle 0.655ms
[99.783s][info][gc] GC(57) Pause Young (Concurrent Start) (G1 Humongous Allocation) 1973M->1832M(4096M) 14.262ms
[99.783s][info][gc] GC(58) Concurrent Undo Cycle
[99.783s][info][gc] GC(58) Concurrent Undo Cycle 0.418ms
[99.829s][info][gc] GC(59) Pause Young (Concurrent Start) (G1 Humongous Allocation) 1898M->1856M(4096M) 6.213ms
[99.829s][info][gc] GC(60) Concurrent Undo Cycle
[99.829s][info][gc] GC(60) Concurrent Undo Cycle 0.440ms
[99.847s][info][gc] GC(61) Pause Young (Concurrent Start) (G1 Humongous Allocation) 1887M->1860M(4096M) 5.605ms
[99.847s][info][gc] GC(62) Concurrent Undo Cycle
[99.847s][info][gc] GC(62) Concurrent Undo Cycle 0.438ms
[99.873s][info][gc] GC(63) Pause Young (Concurrent Start) (G1 Humongous Allocation) 1889M->1852M(4096M) 4.644ms
[99.873s][info][gc] GC(64) Concurrent Undo Cycle
[99.874s][info][gc] GC(64) Concurrent Undo Cycle 0.454ms
[99.899s][info][gc] GC(65) Pause Young (Concurrent Start) (G1 Humongous Allocation) 1885M->1849M(4096M) 4.629ms
[99.899s][info][gc] GC(66) Concurrent Undo Cycle
[99.900s][info][gc] GC(66) Concurrent Undo Cycle 1.031ms
[99.928s][info][gc] GC(67) Pause Young (Concurrent Start) (G1 Humongous Allocation) 1952M->1849M(4096M) 5.998ms
[99.928s][info][gc] GC(68) Concurrent Undo Cycle
[99.929s][info][gc] GC(68) Concurrent Undo Cycle 0.937ms
[99.956s][info][gc] GC(69) Pause Young (Concurrent Start) (G1 Humongous Allocation) 1930M->1867M(4096M) 5.474ms
[99.956s][info][gc] GC(70) Concurrent Undo Cycle
[99.957s][info][gc] GC(70) Concurrent Undo Cycle 0.516ms
[99.988s][info][gc] GC(71) Pause Young (Concurrent Start) (G1 Humongous Allocation) 1954M->1880M(4096M) 6.139ms
[99.988s][info][gc] GC(72) Concurrent Undo Cycle
[99.988s][info][gc] GC(72) Concurrent Undo Cycle 0.645ms
[100.005s][info][gc] GC(73) Pause Young (Concurrent Start) (G1 Humongous Allocation) 1928M->1895M(4096M) 6.079ms
[100.005s][info][gc] GC(74) Concurrent Undo Cycle
[100.006s][info][gc] GC(74) Concurrent Undo Cycle 0.864ms
[100.017s][info][gc] GC(75) Pause Young (Concurrent Start) (G1 Humongous Allocation) 1922M->1896M(4096M) 5.413ms
[100.017s][info][gc] GC(76) Concurrent Undo Cycle
[100.018s][info][gc] GC(76) Concurrent Undo Cycle 0.351ms
[100.270s][info][gc] GC(77) Pause Young (Concurrent Start) (G1 Humongous Allocation) 1971M->1902M(4096M) 10.883ms
[100.270s][info][gc] GC(78) Concurrent Undo Cycle
[100.271s][info][gc] GC(78) Concurrent Undo Cycle 0.403ms
[101.377s][info][gc] GC(79) Pause Young (Concurrent Start) (G1 Humongous Allocation) 2479M->1917M(4096M) 70.173ms
[101.377s][info][gc] GC(80) Concurrent Undo Cycle
[101.379s][info][gc] GC(80) Concurrent Undo Cycle 1.960ms
[101.397s][info][gc] GC(81) Pause Young (Concurrent Start) (G1 Humongous Allocation) 1928M->1919M(4096M) 16.326ms
[101.397s][info][gc] GC(82) Concurrent Undo Cycle
[101.399s][info][gc] GC(82) Concurrent Undo Cycle 1.141ms
[101.416s][info][gc] GC(83) Pause Young (Concurrent Start) (G1 Humongous Allocation) 1927M->1924M(4096M) 13.834ms
[101.416s][info][gc] GC(84) Concurrent Mark Cycle
[103.064s][info][gc] GC(84) Pause Remark 2578M->2238M(4096M) 69.996ms
[103.427s][info][gc] GC(84) Pause Cleanup 2301M->2301M(4096M) 0.307ms
[103.475s][info][gc] GC(84) Concurrent Mark Cycle 2058.809ms
[113.583s][info][gc] GC(85) Pause Young (Prepare Mixed) (G1 Evacuation Pause) (Evacuation Failure: Allocation) 4006M->2730M(4096M) 283.737ms
[131.105s][info][gc] GC(86) Pause Young (Mixed) (G1 Humongous Allocation) (Evacuation Failure: Allocation) 4094M->3562M(4096M) 389.678ms
[131.162s][info][gc] GC(87) Pause Young (Concurrent Start) (G1 Humongous Allocation) 3565M->3436M(4096M) 46.952ms
[131.163s][info][gc] GC(88) Concurrent Mark Cycle
[132.068s][info][gc] GC(89) Pause Young (Normal) (G1 Evacuation Pause) (Evacuation Failure: Allocation) 4088M->3770M(4096M) 24.764ms
[132.260s][info][gc] GC(90) Pause Young (Normal) (G1 Evacuation Pause) 3974M->3662M(4096M) 16.709ms
[132.455s][info][gc] GC(91) Pause Young (Normal) (G1 Evacuation Pause) 3886M->3600M(4096M) 28.326ms
[132.684s][info][gc] GC(92) Pause Young (Normal) (G1 Evacuation Pause) 3886M->3294M(4096M) 19.871ms
[133.073s][info][gc] GC(88) Pause Remark 3589M->3519M(4096M) 50.868ms
[133.346s][info][gc] GC(93) Pause Young (Normal) (G1 Evacuation Pause) 3818M->2996M(4096M) 48.513ms
[133.640s][info][gc] GC(88) Pause Cleanup 3551M->3551M(4096M) 0.304ms
[133.655s][info][gc] GC(88) Concurrent Mark Cycle 2492.450ms
[133.835s][info][gc] GC(94) Pause Young (Prepare Mixed) (G1 Evacuation Pause) 3874M->2772M(4096M) 42.263ms
[134.799s][info][gc] GC(95) Pause Young (Mixed) (G1 Evacuation Pause) (Evacuation Failure: Allocation) 4006M->3287M(4096M) 88.730ms
[135.004s][info][gc] GC(96) Pause Young (Concurrent Start) (G1 Humongous Allocation) 3502M->3051M(4096M) 43.559ms
[135.004s][info][gc] GC(97) Concurrent Mark Cycle
[135.657s][info][gc] GC(98) Pause Young (Normal) (G1 Evacuation Pause) (Evacuation Failure: Allocation) 4095M->3367M(4096M) 74.419ms
[136.111s][info][gc] GC(97) Pause Remark 3914M->3870M(4096M) 19.964ms
[136.197s][info][gc] GC(99) Pause Young (Normal) (G1 Evacuation Pause) 3915M->3203M(4096M) 43.534ms
[136.732s][info][gc] GC(97) Pause Cleanup 3478M->3478M(4096M) 0.262ms
[136.736s][info][gc] GC(97) Concurrent Mark Cycle 1732.712ms
[156.921s][info][gc] GC(100) Pause Young (Prepare Mixed) (G1 Evacuation Pause) (Evacuation Failure: Allocation) 4093M->3752M(4096M) 614.449ms
[157.460s][info][gc] GC(101) Pause Young (Mixed) (G1 Evacuation Pause) 3956M->3225M(4096M) 194.289ms
[158.298s][info][gc] GC(102) Pause Young (Concurrent Start) (G1 Evacuation Pause) 3887M->3091M(4096M) 111.949ms
[158.298s][info][gc] GC(103) Concurrent Mark Cycle
[159.209s][info][gc] GC(104) Pause Young (Normal) (G1 Humongous Allocation) (Evacuation Failure: Allocation) 4076M->3593M(4096M) 59.757ms
[159.428s][info][gc] GC(105) Pause Young (Normal) (G1 Evacuation Pause) (Evacuation Failure: Allocation) 4093M->3839M(4096M) 35.958ms
[159.798s][info][gc] GC(106) Pause Young (Normal) (G1 Evacuation Pause) (Evacuation Failure: Allocation) 4093M->3939M(4096M) 34.013ms
[160.006s][info][gc] GC(107) Pause Young (Normal) (G1 Evacuation Pause) (Evacuation Failure: Allocation) 4093M->4073M(4096M) 20.321ms
[160.043s][info][gc] GC(108) Pause Young (Normal) (G1 Evacuation Pause) (Evacuation Failure: Allocation) 4093M->4089M(4096M) 19.697ms
[160.070s][info][gc] GC(109) Pause Young (Normal) (G1 Evacuation Pause) (Evacuation Failure: Allocation) 4093M->4089M(4096M) 12.563ms
[160.108s][info][gc] GC(110) Pause Young (Normal) (G1 Evacuation Pause) (Evacuation Failure: Allocation) 4093M->4093M(4096M) 24.322ms
[161.336s][info][gc] GC(111) Pause Full (G1 Compaction Pause) 4093M->1747M(4096M) 1228.156ms
[161.337s][info][gc] GC(103) Concurrent Mark Cycle 3038.285ms
[161.636s][info][gc] GC(112) Pause Young (Concurrent Start) (G1 Humongous Allocation) 1940M->1754M(4096M) 11.491ms
[161.636s][info][gc] GC(113) Concurrent Mark Cycle
[162.920s][info][gc] GC(113) Pause Remark 2568M->2568M(4096M) 52.574ms
[163.725s][info][gc] GC(113) Pause Cleanup 2730M->2730M(4096M) 0.285ms
[163.746s][info][gc] GC(113) Concurrent Mark Cycle 2109.847ms
[167.172s][info][gc] GC(114) Pause Young (Prepare Mixed) (G1 Evacuation Pause) (Evacuation Failure: Allocation) 4086M->3070M(4096M) 190.192ms
[168.284s][info][gc] GC(115) Pause Young (Mixed) (G1 Evacuation Pause) 4002M->3032M(4096M) 34.731ms
[169.134s][info][gc] GC(116) Pause Young (Concurrent Start) (G1 Humongous Allocation) 3635M->2786M(4096M) 26.755ms
[169.134s][info][gc] GC(117) Concurrent Mark Cycle
[171.088s][info][gc] GC(117) Pause Remark 3013M->2915M(4096M) 31.042ms
[171.668s][info][gc] GC(117) Pause Cleanup 2949M->2949M(4096M) 1.278ms
[171.700s][info][gc] GC(117) Concurrent Mark Cycle 2565.809ms
[174.797s][info][gc] GC(118) Pause Young (Prepare Mixed) (G1 Evacuation Pause) 3944M->2462M(4096M) 116.962ms
[175.399s][info][gc] GC(119) Pause Young (Mixed) (G1 Evacuation Pause) 3410M->2391M(4096M) 57.450ms
[176.297s][info][gc] GC(120) Pause Young (Mixed) (G1 Evacuation Pause) (Evacuation Failure: Allocation) 4087M->3138M(4096M) 78.375ms
[176.375s][info][gc] GC(121) Pause Young (Concurrent Start) (G1 Humongous Allocation) 3146M->2863M(4096M) 64.737ms
[176.376s][info][gc] GC(122) Concurrent Mark Cycle
[177.359s][info][gc] GC(123) Pause Young (Normal) (G1 Evacuation Pause) 3365M->2723M(4096M) 25.433ms
[177.922s][info][gc] GC(124) Pause Young (Normal) (G1 Evacuation Pause) 3323M->2569M(4096M) 28.640ms
[178.481s][info][gc] GC(122) Pause Remark 2854M->2712M(4096M) 29.831ms
[179.012s][info][gc] GC(122) Pause Cleanup 2836M->2836M(4096M) 0.294ms
[179.021s][info][gc] GC(122) Concurrent Mark Cycle 2645.318ms
[183.414s][info][gc] GC(125) Pause Young (Prepare Mixed) (G1 Evacuation Pause) 3125M->2308M(4096M) 97.344ms
[184.416s][info][gc] GC(126) Pause Young (Mixed) (G1 Evacuation Pause) 3076M->2204M(4096M) 85.428ms
[184.695s][info][gc] GC(127) Pause Young (Concurrent Start) (G1 Humongous Allocation) 2566M->2100M(4096M) 51.193ms
[184.695s][info][gc] GC(128) Concurrent Mark Cycle
[187.080s][info][gc] GC(128) Pause Remark 4018M->3860M(4096M) 16.335ms
[187.638s][info][gc] GC(129) Pause Young (Normal) (G1 Humongous Allocation) (Evacuation Failure: Allocation) 4085M->3028M(4096M) 70.055ms
[187.702s][info][gc] GC(128) Pause Cleanup 3145M->3145M(4096M) 0.292ms
[187.719s][info][gc] GC(128) Concurrent Mark Cycle 3024.417ms
[190.322s][info][gc] GC(130) Pause Young (Prepare Mixed) (G1 Evacuation Pause) 3908M->2711M(4096M) 51.173ms
[195.859s][info][gc] GC(131) Pause Young (Mixed) (G1 Humongous Allocation) (Evacuation Failure: Allocation) 4085M->3416M(4096M) 72.270ms
[195.903s][info][gc] GC(132) Pause Young (Concurrent Start) (G1 Humongous Allocation) 3422M->3255M(4096M) 43.259ms
[195.903s][info][gc] GC(133) Concurrent Mark Cycle
[198.271s][info][gc] GC(134) Pause Young (Normal) (G1 Evacuation Pause) (Evacuation Failure: Allocation) 4019M->3215M(4096M) 80.208ms
[198.819s][info][gc] GC(133) Pause Remark 3633M->3631M(4096M) 27.174ms
[199.291s][info][gc] GC(135) Pause Young (Normal) (G1 Evacuation Pause) 3903M->3047M(4096M) 64.255ms
[199.576s][info][gc] GC(133) Pause Cleanup 3057M->3057M(4096M) 0.408ms
[199.598s][info][gc] GC(133) Concurrent Mark Cycle 3694.521ms
[211.542s][info][gc] GC(136) Pause Young (Prepare Mixed) (G1 Evacuation Pause) (Evacuation Failure: Allocation) 3997M->3023M(4096M) 173.256ms
[212.291s][info][gc] GC(137) Pause Young (Mixed) (G1 Humongous Allocation) (Evacuation Failure: Allocation) 4087M->3439M(4096M) 102.087ms
[212.315s][info][gc] GC(138) Pause Young (Concurrent Start) (G1 Humongous Allocation) 3445M->3106M(4096M) 19.249ms
[212.315s][info][gc] GC(139) Concurrent Mark Cycle
[215.537s][info][gc] GC(139) Pause Remark 3963M->3959M(4096M) 37.941ms
[216.575s][info][gc] GC(139) Pause Cleanup 3978M->3978M(4096M) 0.786ms
[216.618s][info][gc] GC(139) Concurrent Mark Cycle 4303.154ms
[217.010s][info][gc] GC(140) Pause Young (Prepare Mixed) (G1 Evacuation Pause) (Evacuation Failure: Allocation) 4040M->3683M(4096M) 190.590ms
[227.966s][info][gc] GC(141) Pause Young (Mixed) (G1 Evacuation Pause) 3889M->3399M(4096M) 212.040ms
[229.119s][info][gc] GC(142) Pause Young (Concurrent Start) (G1 Humongous Allocation) 3425M->2668M(4096M) 47.607ms
[229.119s][info][gc] GC(143) Concurrent Mark Cycle
[230.930s][info][gc] GC(144) Pause Young (Normal) (G1 Evacuation Pause) (Evacuation Failure: Allocation) 4088M->3832M(4096M) 84.773ms
[231.117s][info][gc] GC(145) Pause Young (Normal) (G1 Evacuation Pause) 4036M->3250M(4096M) 25.805ms
[231.440s][info][gc] GC(146) Pause Young (Normal) (G1 Evacuation Pause) 3882M->2922M(4096M) 26.234ms
[231.985s][info][gc] GC(143) Pause Remark 3734M->3544M(4096M) 18.894ms
[232.183s][info][gc] GC(147) Pause Young (Normal) (G1 Evacuation Pause) 3740M->2603M(4096M) 51.440ms
[232.718s][info][gc] GC(143) Pause Cleanup 3435M->3435M(4096M) 0.198ms
[232.724s][info][gc] GC(143) Concurrent Mark Cycle 3604.372ms
[233.113s][info][gc] GC(148) Pause Young (Prepare Mixed) (G1 Humongous Allocation) (Evacuation Failure: Allocation) 4087M->3482M(4096M) 75.244ms
[233.297s][info][gc] GC(149) Pause Young (Mixed) (G1 Evacuation Pause) 3900M->3340M(4096M) 18.971ms
[233.324s][info][gc] GC(150) Pause Young (Concurrent Start) (G1 Humongous Allocation) 3374M->3163M(4096M) 15.296ms
[233.324s][info][gc] GC(151) Concurrent Mark Cycle
[233.827s][info][gc] GC(152) Pause Young (Normal) (G1 Evacuation Pause) 3985M->2997M(4096M) 36.363ms
[234.980s][info][gc] GC(151) Pause Remark 3245M->3091M(4096M) 10.466ms
[236.020s][info][gc] GC(151) Pause Cleanup 3256M->3256M(4096M) 0.262ms
[236.026s][info][gc] GC(151) Concurrent Mark Cycle 2701.585ms
[238.727s][info][gc] GC(153) Pause Young (Prepare Mixed) (G1 Evacuation Pause) 3729M->2634M(4096M) 63.279ms
[243.847s][info][gc] GC(154) Pause Young (Mixed) (G1 Evacuation Pause) 3884M->2485M(4096M) 97.780ms
[245.272s][info][gc] GC(155) Pause Young (Concurrent Start) (G1 Evacuation Pause) 3883M->2503M(4096M) 62.160ms
[245.272s][info][gc] GC(156) Concurrent Mark Cycle
[246.590s][info][gc] GC(157) Pause Young (Normal) (G1 Evacuation Pause) 3883M->2516M(4096M) 37.204ms
[247.871s][info][gc] GC(158) Pause Young (Normal) (G1 Evacuation Pause) 3882M->2530M(4096M) 43.321ms
[249.167s][info][gc] GC(159) Pause Young (Normal) (G1 Evacuation Pause) 3882M->2545M(4096M) 98.469ms
[250.232s][info][gc] GC(160) Pause Young (Normal) (G1 Evacuation Pause) 3883M->2558M(4096M) 71.130ms
[251.237s][info][gc] GC(161) Pause Young (Normal) (G1 Evacuation Pause) 3884M->2566M(4096M) 75.749ms
[251.684s][info][gc] GC(156) Pause Remark 3172M->3101M(4096M) 24.232ms
[252.422s][info][gc] GC(162) Pause Young (Normal) (G1 Evacuation Pause) 3811M->2505M(4096M) 76.881ms
[253.586s][info][gc] GC(163) Pause Young (Normal) (G1 Evacuation Pause) 3885M->2518M(4096M) 50.522ms
[255.098s][info][gc] GC(164) Pause Young (Normal) (G1 Evacuation Pause) 3882M->2529M(4096M) 57.926ms
[255.728s][info][gc] GC(156) Pause Cleanup 3171M->3171M(4096M) 0.259ms
[255.831s][info][gc] GC(156) Concurrent Mark Cycle 10558.487ms
[256.348s][info][gc] GC(165) Pause Young (Prepare Mixed) (G1 Evacuation Pause) 3883M->2552M(4096M) 94.737ms
[257.069s][info][gc] GC(166) Pause Young (Mixed) (G1 Evacuation Pause) 3660M->2573M(4096M) 93.321ms
[257.765s][info][gc] GC(167) Pause Young (Mixed) (G1 Evacuation Pause) (Evacuation Failure: Pinned) 3885M->2578M(4096M) 41.992ms
[258.469s][info][gc] GC(168) Pause Young (Concurrent Start) (G1 Evacuation Pause) 3884M->2623M(4096M) 90.637ms
[258.470s][info][gc] GC(169) Concurrent Mark Cycle
[259.275s][info][gc] GC(170) Pause Young (Normal) (G1 Evacuation Pause) 3885M->2667M(4096M) 52.108ms
[260.745s][info][gc] GC(171) Pause Young (Normal) (G1 Evacuation Pause) (Evacuation Failure: Pinned) 3885M->2699M(4096M) 474.764ms
[261.272s][info][gc] GC(172) Pause Young (Normal) (G1 Evacuation Pause) 3075M->2709M(4096M) 31.790ms
[262.081s][info][gc] GC(173) Pause Young (Normal) (G1 Evacuation Pause) 3883M->2724M(4096M) 29.627ms
[263.056s][info][gc] GC(174) Pause Young (Normal) (G1 Evacuation Pause) 3884M->2749M(4096M) 32.436ms
[263.760s][info][gc] GC(175) Pause Young (Normal) (G1 Evacuation Pause) 3883M->2802M(4096M) 94.106ms
[264.669s][info][gc] GC(176) Pause Young (Normal) (G1 Evacuation Pause) 3882M->2835M(4096M) 94.919ms
[265.209s][info][gc] GC(177) Pause Young (Normal) (G1 Evacuation Pause) 3883M->2860M(4096M) 36.823ms
[265.775s][info][gc] GC(178) Pause Young (Normal) (G1 Evacuation Pause) 3884M->2876M(4096M) 24.482ms
[265.997s][info][gc] GC(169) Pause Remark 3418M->3312M(4096M) 29.846ms
[266.329s][info][gc] GC(179) Pause Young (Normal) (G1 Evacuation Pause) 3778M->2802M(4096M) 60.035ms
[266.900s][info][gc] GC(180) Pause Young (Normal) (G1 Evacuation Pause) (Evacuation Failure: Pinned) 3884M->2833M(4096M) 39.758ms
[267.540s][info][gc] GC(181) Pause Young (Normal) (G1 Evacuation Pause) 3885M->2879M(4096M) 76.340ms
[267.996s][info][gc] GC(182) Pause Young (Normal) (G1 Evacuation Pause) 3883M->2906M(4096M) 52.339ms
[268.432s][info][gc] GC(183) Pause Young (Normal) (G1 Evacuation Pause) 3884M->2929M(4096M) 66.210ms
[268.869s][info][gc] GC(184) Pause Young (Normal) (G1 Evacuation Pause) 3885M->2944M(4096M) 39.918ms
[269.219s][info][gc] GC(169) Pause Cleanup 3666M->3666M(4096M) 0.240ms
[269.256s][info][gc] GC(169) Concurrent Mark Cycle 10786.115ms
[269.331s][info][gc] GC(185) Pause Young (Prepare Mixed) (G1 Evacuation Pause) 3884M->2954M(4096M) 41.506ms
[269.661s][info][gc] GC(186) Pause Young (Mixed) (G1 Evacuation Pause) 3884M->2957M(4096M) 52.890ms
[270.021s][info][gc] GC(187) Pause Young (Concurrent Start) (G1 Evacuation Pause) (Evacuation Failure: Pinned) 3885M->2993M(4096M) 82.238ms
[270.021s][info][gc] GC(188) Concurrent Mark Cycle
[270.417s][info][gc] GC(189) Pause Young (Normal) (G1 Evacuation Pause) 3885M->3039M(4096M) 62.480ms
[270.725s][info][gc] GC(190) Pause Young (Normal) (G1 Evacuation Pause) 3883M->3052M(4096M) 46.563ms
[271.026s][info][gc] GC(191) Pause Young (Normal) (G1 Evacuation Pause) 3884M->3077M(4096M) 34.895ms
[271.294s][info][gc] GC(192) Pause Young (Normal) (G1 Evacuation Pause) 3883M->3079M(4096M) 12.927ms
[271.666s][info][gc] GC(193) Pause Young (Normal) (G1 Evacuation Pause) 3883M->3099M(4096M) 23.116ms
[272.008s][info][gc] GC(194) Pause Young (Normal) (G1 Evacuation Pause) 3883M->3121M(4096M) 24.335ms
[272.369s][info][gc] GC(195) Pause Young (Normal) (G1 Evacuation Pause) (Evacuation Failure: Pinned) 3885M->3133M(4096M) 29.135ms
[272.748s][info][gc] GC(196) Pause Young (Normal) (G1 Evacuation Pause) 3883M->3190M(4096M) 57.821ms
[273.056s][info][gc] GC(197) Pause Young (Normal) (G1 Evacuation Pause) (Evacuation Failure: Pinned) 3882M->3206M(4096M) 34.515ms
[273.163s][info][gc] GC(188) Pause Remark 3414M->3052M(4096M) 23.294ms
[273.347s][info][gc] GC(198) Pause Young (Normal) (G1 Evacuation Pause) 3522M->2863M(4096M) 15.761ms
[273.898s][info][gc] GC(199) Pause Young (Normal) (G1 Evacuation Pause) 3883M->2887M(4096M) 36.498ms
[274.567s][info][gc] GC(200) Pause Young (Normal) (G1 Evacuation Pause) 3883M->2901M(4096M) 34.486ms
[275.178s][info][gc] GC(201) Pause Young (Normal) (G1 Evacuation Pause) 3883M->2921M(4096M) 55.220ms
[275.722s][info][gc] GC(202) Pause Young (Normal) (G1 Evacuation Pause) 3885M->2945M(4096M) 51.054ms
[276.159s][info][gc] GC(203) Pause Young (Normal) (G1 Evacuation Pause) 3885M->2990M(4096M) 73.157ms
[276.571s][info][gc] GC(204) Pause Young (Normal) (G1 Evacuation Pause) 3884M->3024M(4096M) 50.206ms
[276.580s][info][gc] GC(188) Pause Cleanup 3082M->3082M(4096M) 0.160ms
[276.627s][info][gc] GC(188) Concurrent Mark Cycle 6606.683ms
[276.859s][info][gc] GC(205) Pause Young (Prepare Mixed) (G1 Evacuation Pause) 3884M->3043M(4096M) 42.914ms
[277.108s][info][gc] GC(206) Pause Young (Mixed) (G1 Evacuation Pause) 3885M->2952M(4096M) 26.956ms
[277.417s][info][gc] GC(207) Pause Young (Concurrent Start) (G1 Evacuation Pause) 3884M->2979M(4096M) 49.043ms
[277.417s][info][gc] GC(208) Concurrent Mark Cycle
[277.878s][info][gc] GC(209) Pause Young (Normal) (G1 Evacuation Pause) 3885M->2986M(4096M) 40.813ms
[278.355s][info][gc] GC(210) Pause Young (Normal) (G1 Evacuation Pause) 3884M->3041M(4096M) 35.073ms
[278.769s][info][gc] GC(211) Pause Young (Normal) (G1 Evacuation Pause) 3883M->3067M(4096M) 46.895ms
[279.171s][info][gc] GC(212) Pause Young (Normal) (G1 Evacuation Pause) 3883M->3085M(4096M) 42.870ms
[279.587s][info][gc] GC(213) Pause Young (Normal) (G1 Evacuation Pause) 3885M->3106M(4096M) 24.861ms
[279.967s][info][gc] GC(214) Pause Young (Normal) (G1 Evacuation Pause) 3884M->3123M(4096M) 28.072ms
[280.292s][info][gc] GC(215) Pause Young (Normal) (G1 Evacuation Pause) 3885M->3142M(4096M) 31.271ms
[280.586s][info][gc] GC(216) Pause Young (Normal) (G1 Evacuation Pause) 3884M->3154M(4096M) 22.012ms
[280.867s][info][gc] GC(208) Pause Remark 3776M->3362M(4096M) 44.252ms
[280.919s][info][gc] GC(217) Pause Young (Normal) (G1 Evacuation Pause) 3470M->2757M(4096M) 25.166ms
[281.494s][info][gc] GC(218) Pause Young (Normal) (G1 Evacuation Pause) 3883M->2809M(4096M) 54.572ms
[281.978s][info][gc] GC(219) Pause Young (Normal) (G1 Evacuation Pause) 3883M->2843M(4096M) 54.123ms
[282.422s][info][gc] GC(220) Pause Young (Normal) (G1 Evacuation Pause) 3885M->2862M(4096M) 56.077ms
[282.871s][info][gc] GC(221) Pause Young (Normal) (G1 Evacuation Pause) 3884M->2884M(4096M) 24.575ms
[283.026s][info][gc] GC(208) Pause Cleanup 3239M->3239M(4096M) 0.186ms
[283.050s][info][gc] GC(208) Concurrent Mark Cycle 5633.128ms
[283.273s][info][gc] GC(222) Pause Young (Prepare Mixed) (G1 Evacuation Pause) 3884M->2912M(4096M) 34.103ms
[283.557s][info][gc] GC(223) Pause Young (Mixed) (G1 Evacuation Pause) 3884M->2882M(4096M) 29.865ms
[283.881s][info][gc] GC(224) Pause Young (Concurrent Start) (G1 Evacuation Pause) 3884M->2922M(4096M) 44.930ms
[283.881s][info][gc] GC(225) Concurrent Mark Cycle
[284.469s][info][gc] GC(226) Pause Young (Normal) (G1 Evacuation Pause) 3884M->2950M(4096M) 38.137ms
[284.903s][info][gc] GC(227) Pause Young (Normal) (G1 Evacuation Pause) 3884M->2986M(4096M) 45.191ms
[285.290s][info][gc] GC(228) Pause Young (Normal) (G1 Evacuation Pause) 3884M->3000M(4096M) 24.562ms
[285.629s][info][gc] GC(229) Pause Young (Normal) (G1 Evacuation Pause) 3884M->3012M(4096M) 40.335ms
[286.034s][info][gc] GC(230) Pause Young (Normal) (G1 Evacuation Pause) 3884M->3035M(4096M) 57.801ms
[286.439s][info][gc] GC(231) Pause Young (Normal) (G1 Evacuation Pause) (Evacuation Failure: Pinned) 3885M->3062M(4096M) 55.772ms
[286.826s][info][gc] GC(232) Pause Young (Normal) (G1 Evacuation Pause) 3884M->3092M(4096M) 53.008ms
[287.248s][info][gc] GC(233) Pause Young (Normal) (G1 Evacuation Pause) 3884M->3122M(4096M) 56.349ms
[287.576s][info][gc] GC(234) Pause Young (Normal) (G1 Evacuation Pause) 3884M->3142M(4096M) 40.590ms
[287.878s][info][gc] GC(235) Pause Young (Normal) (G1 Evacuation Pause) 3884M->3152M(4096M) 19.287ms
[288.188s][info][gc] GC(236) Pause Young (Normal) (G1 Evacuation Pause) 3884M->3182M(4096M) 26.892ms
[288.503s][info][gc] GC(237) Pause Young (Normal) (G1 Evacuation Pause) 3884M->3194M(4096M) 25.833ms
[288.823s][info][gc] GC(238) Pause Young (Normal) (G1 Evacuation Pause) 3884M->3217M(4096M) 44.157ms
[289.107s][info][gc] GC(225) Pause Remark 3856M->3518M(4096M) 51.824ms
[289.154s][info][gc] GC(239) Pause Young (Normal) (G1 Evacuation Pause) 3545M->2903M(4096M) 34.304ms
[289.707s][info][gc] GC(240) Pause Young (Normal) (G1 Evacuation Pause) 3883M->2931M(4096M) 53.760ms
[290.135s][info][gc] GC(241) Pause Young (Normal) (G1 Evacuation Pause) 3883M->2961M(4096M) 55.841ms
[290.456s][info][gc] GC(242) Pause Young (Normal) (G1 Evacuation Pause) 3883M->2973M(4096M) 33.637ms
[290.870s][info][gc] GC(243) Pause Young (Normal) (G1 Evacuation Pause) 3883M->3015M(4096M) 48.882ms
[290.950s][info][gc] GC(225) Pause Cleanup 3209M->3209M(4096M) 0.246ms
[290.971s][info][gc] GC(225) Concurrent Mark Cycle 7090.319ms
[291.196s][info][gc] GC(244) Pause Young (Prepare Mixed) (G1 Evacuation Pause) 3883M->3027M(4096M) 37.147ms
[291.419s][info][gc] GC(245) Pause Young (Mixed) (G1 Evacuation Pause) 3883M->2995M(4096M) 28.152ms
[291.790s][info][gc] GC(246) Pause Young (Concurrent Start) (G1 Evacuation Pause) 3883M->3025M(4096M) 56.510ms
[291.791s][info][gc] GC(247) Concurrent Mark Cycle
[292.083s][info][gc] GC(248) Pause Young (Normal) (G1 Evacuation Pause) 3885M->3047M(4096M) 28.963ms
[292.490s][info][gc] GC(249) Pause Young (Normal) (G1 Evacuation Pause) (Evacuation Failure: Pinned) 3883M->3078M(4096M) 43.596ms
[292.936s][info][gc] GC(250) Pause Young (Normal) (G1 Evacuation Pause) 3884M->3105M(4096M) 47.405ms
[293.275s][info][gc] GC(251) Pause Young (Normal) (G1 Evacuation Pause) 3885M->3132M(4096M) 31.395ms
[293.534s][info][gc] GC(252) Pause Young (Normal) (G1 Evacuation Pause) 3884M->3137M(4096M) 18.362ms
[293.881s][info][gc] GC(253) Pause Young (Normal) (G1 Evacuation Pause) 3883M->3158M(4096M) 25.279ms
[294.188s][info][gc] GC(254) Pause Young (Normal) (G1 Evacuation Pause) 3884M->3178M(4096M) 25.657ms
[294.470s][info][gc] GC(255) Pause Young (Normal) (G1 Evacuation Pause) 3884M->3194M(4096M) 28.815ms
[294.785s][info][gc] GC(256) Pause Young (Normal) (G1 Evacuation Pause) (Evacuation Failure: Pinned) 3884M->3229M(4096M) 40.049ms
[295.152s][info][gc] GC(257) Pause Young (Normal) (G1 Evacuation Pause) 3883M->3256M(4096M) 77.511ms
[295.576s][info][gc] GC(258) Pause Young (Normal) (G1 Evacuation Pause) 3884M->3277M(4096M) 39.970ms
[295.899s][info][gc] GC(259) Pause Young (Normal) (G1 Evacuation Pause) 3883M->3295M(4096M) 37.506ms
[296.097s][info][gc] GC(260) Pause Young (Normal) (G1 Evacuation Pause) 3883M->3293M(4096M) 11.158ms
[296.181s][info][gc] GC(247) Pause Remark 3374M->2960M(4096M) 54.780ms
[296.365s][info][gc] GC(261) Pause Young (Normal) (G1 Evacuation Pause) 3469M->2899M(4096M) 24.541ms
[296.894s][info][gc] GC(262) Pause Young (Normal) (G1 Evacuation Pause) 3883M->2918M(4096M) 40.987ms
[297.289s][info][gc] GC(263) Pause Young (Normal) (G1 Evacuation Pause) 3884M->2935M(4096M) 30.825ms
[297.738s][info][gc] GC(264) Pause Young (Normal) (G1 Evacuation Pause) 3883M->2983M(4096M) 45.893ms
[298.159s][info][gc] GC(265) Pause Young (Normal) (G1 Evacuation Pause) 3885M->3023M(4096M) 82.253ms
[298.531s][info][gc] GC(266) Pause Young (Normal) (G1 Evacuation Pause) 3885M->3041M(4096M) 61.037ms
[298.824s][info][gc] GC(267) Pause Young (Normal) (G1 Evacuation Pause) 3885M->3049M(4096M) 31.317ms
[298.857s][info][gc] GC(247) Pause Cleanup 3156M->3156M(4096M) 0.200ms
[298.918s][info][gc] GC(247) Concurrent Mark Cycle 7127.700ms
[299.068s][info][gc] GC(268) Pause Young (Prepare Mixed) (G1 Evacuation Pause) 3885M->3064M(4096M) 20.503ms
[299.336s][info][gc] GC(269) Pause Young (Mixed) (G1 Evacuation Pause) 3884M->2997M(4096M) 21.565ms
[299.596s][info][gc] GC(270) Pause Young (Concurrent Start) (G1 Evacuation Pause) 3885M->3026M(4096M) 34.957ms
[299.601s][info][gc] GC(271) Concurrent Mark Cycle
[299.993s][info][gc] GC(272) Pause Young (Normal) (G1 Evacuation Pause) 3882M->3068M(4096M) 43.310ms
[300.289s][info][gc] GC(273) Pause Young (Normal) (G1 Evacuation Pause) 3884M->3095M(4096M) 36.785ms
[300.581s][info][gc] GC(274) Pause Young (Normal) (G1 Evacuation Pause) 3885M->3125M(4096M) 31.301ms
[300.852s][info][gc] GC(275) Pause Young (Normal) (G1 Evacuation Pause) 3885M->3138M(4096M) 22.220ms
[301.125s][info][gc] GC(276) Pause Young (Normal) (G1 Evacuation Pause) 3884M->3145M(4096M) 19.060ms
[301.599s][info][gc] GC(277) Pause Young (Normal) (G1 Evacuation Pause) 3885M->3162M(4096M) 30.914ms
[301.899s][info][gc] GC(278) Pause Young (Normal) (G1 Evacuation Pause) 3884M->3176M(4096M) 23.045ms
[302.184s][info][gc] GC(279) Pause Young (Normal) (G1 Evacuation Pause) 3884M->3191M(4096M) 27.156ms
[302.504s][info][gc] GC(280) Pause Young (Normal) (G1 Evacuation Pause) 3883M->3232M(4096M) 37.105ms
[302.845s][info][gc] GC(281) Pause Young (Normal) (G1 Evacuation Pause) (Evacuation Failure: Pinned) 3884M->3256M(4096M) 84.152ms
[303.221s][info][gc] GC(282) Pause Young (Normal) (G1 Evacuation Pause) 3884M->3285M(4096M) 46.323ms
[303.448s][info][gc] GC(283) Pause Young (Normal) (G1 Evacuation Pause) 3883M->3296M(4096M) 26.918ms
[303.600s][info][gc] GC(271) Pause Remark 3682M->3246M(4096M) 43.943ms
[303.710s][info][gc] GC(284) Pause Young (Normal) (G1 Evacuation Pause) 3448M->2879M(4096M) 31.356ms
[304.258s][info][gc] GC(285) Pause Young (Normal) (G1 Evacuation Pause) 3883M->2900M(4096M) 35.843ms
[304.649s][info][gc] GC(286) Pause Young (Normal) (G1 Evacuation Pause) 3884M->2909M(4096M) 28.433ms
[305.146s][info][gc] GC(287) Pause Young (Normal) (G1 Evacuation Pause) 3883M->2941M(4096M) 67.865ms
[305.645s][info][gc] GC(288) Pause Young (Normal) (G1 Evacuation Pause) 3883M->2982M(4096M) 69.850ms
[306.079s][info][gc] GC(289) Pause Young (Normal) (G1 Evacuation Pause) 3884M->3021M(4096M) 59.584ms
[306.445s][info][gc] GC(290) Pause Young (Normal) (G1 Evacuation Pause) (Evacuation Failure: Pinned) 3885M->3038M(4096M) 57.608ms
[306.724s][info][gc] GC(271) Pause Cleanup 3670M->3670M(4096M) 0.198ms
[306.756s][info][gc] GC(271) Concurrent Mark Cycle 7154.842ms
[306.838s][info][gc] GC(291) Pause Young (Prepare Mixed) (G1 Evacuation Pause) 3884M->3061M(4096M) 28.756ms
[307.083s][info][gc] GC(292) Pause Young (Mixed) (G1 Evacuation Pause) 3883M->3002M(4096M) 26.084ms
[307.373s][info][gc] GC(293) Pause Young (Concurrent Start) (G1 Evacuation Pause) (Evacuation Failure: Pinned) 3884M->3018M(4096M) 23.281ms
[307.375s][info][gc] GC(294) Concurrent Mark Cycle
[307.858s][info][gc] GC(295) Pause Young (Normal) (G1 Evacuation Pause) 3884M->3039M(4096M) 38.786ms
[308.267s][info][gc] GC(296) Pause Young (Normal) (G1 Evacuation Pause) 3883M->3087M(4096M) 35.791ms
[308.595s][info][gc] GC(297) Pause Young (Normal) (G1 Evacuation Pause) 3883M->3116M(4096M) 37.560ms
[308.898s][info][gc] GC(298) Pause Young (Normal) (G1 Evacuation Pause) 3884M->3136M(4096M) 31.498ms
[309.170s][info][gc] GC(299) Pause Young (Normal) (G1 Evacuation Pause) 3884M->3164M(4096M) 25.771ms
[309.444s][info][gc] GC(300) Pause Young (Normal) (G1 Evacuation Pause) 3884M->3168M(4096M) 23.913ms
[309.776s][info][gc] GC(301) Pause Young (Normal) (G1 Evacuation Pause) 3884M->3174M(4096M) 15.428ms
[310.070s][info][gc] GC(302) Pause Young (Normal) (G1 Evacuation Pause) 3884M->3184M(4096M) 20.590ms
[310.419s][info][gc] GC(303) Pause Young (Normal) (G1 Evacuation Pause) 3884M->3207M(4096M) 39.721ms
[310.755s][info][gc] GC(304) Pause Young (Normal) (G1 Evacuation Pause) 3883M->3249M(4096M) 32.059ms
[310.947s][info][gc] GC(294) Pause Remark 3727M->3277M(4096M) 22.761ms
[311.043s][info][gc] GC(305) Pause Young (Normal) (G1 Evacuation Pause) 3435M->2822M(4096M) 49.914ms
[311.603s][info][gc] GC(306) Pause Young (Normal) (G1 Evacuation Pause) 3884M->2872M(4096M) 81.308ms
[312.103s][info][gc] GC(307) Pause Young (Normal) (G1 Evacuation Pause) 3884M->2882M(4096M) 61.790ms
[312.451s][info][gc] GC(308) Pause Young (Normal) (G1 Evacuation Pause) 3884M->2883M(4096M) 21.505ms
[312.965s][info][gc] GC(309) Pause Young (Normal) (G1 Evacuation Pause) 3885M->2912M(4096M) 31.869ms
[313.430s][info][gc] GC(310) Pause Young (Normal) (G1 Evacuation Pause) 3884M->2945M(4096M) 80.518ms
[313.719s][info][gc] GC(294) Pause Cleanup 3693M->3693M(4096M) 0.196ms
[313.740s][info][gc] GC(294) Concurrent Mark Cycle 6366.373ms
[313.813s][info][gc] GC(311) Pause Young (Prepare Mixed) (G1 Evacuation Pause) 3883M->3001M(4096M) 44.472ms
[314.067s][info][gc] GC(312) Pause Young (Mixed) (G1 Evacuation Pause) 3885M->2968M(4096M) 48.929ms
[314.303s][info][gc] GC(313) Pause Young (Concurrent Start) (G1 Evacuation Pause) 3884M->2980M(4096M) 34.177ms
[314.303s][info][gc] GC(314) Concurrent Mark Cycle
[314.680s][info][gc] GC(315) Pause Young (Normal) (G1 Evacuation Pause) 3884M->2986M(4096M) 19.898ms
[315.048s][info][gc] GC(316) Pause Young (Normal) (G1 Evacuation Pause) 3884M->3011M(4096M) 55.596ms
[315.426s][info][gc] GC(317) Pause Young (Normal) (G1 Evacuation Pause) (Evacuation Failure: Pinned) 3883M->3037M(4096M) 52.829ms
[315.972s][info][gc] GC(318) Pause Young (Normal) (G1 Evacuation Pause) (Evacuation Failure: Pinned) 3883M->3085M(4096M) 48.144ms
[316.589s][info][gc] GC(319) Pause Young (Normal) (G1 Evacuation Pause) 3885M->3117M(4096M) 108.456ms
[317.088s][info][gc] GC(320) Pause Young (Normal) (G1 Evacuation Pause) 3885M->3140M(4096M) 50.179ms
[317.375s][info][gc] GC(321) Pause Young (Normal) (G1 Evacuation Pause) 3884M->3141M(4096M) 21.502ms
[317.638s][info][gc] GC(322) Pause Young (Normal) (G1 Evacuation Pause) 3885M->3145M(4096M) 12.453ms
[317.930s][info][gc] GC(323) Pause Young (Normal) (G1 Evacuation Pause) 3885M->3156M(4096M) 28.869ms
[318.264s][info][gc] GC(324) Pause Young (Normal) (G1 Evacuation Pause) 3884M->3182M(4096M) 27.719ms
[318.625s][info][gc] GC(325) Pause Young (Normal) (G1 Evacuation Pause) 3884M->3219M(4096M) 58.387ms
[318.868s][info][gc] GC(326) Pause Young (Normal) (G1 Evacuation Pause) 3883M->3246M(4096M) 35.434ms
[319.170s][info][gc] GC(327) Pause Young (Normal) (G1 Evacuation Pause) 3884M->3279M(4096M) 37.603ms
[319.381s][info][gc] GC(314) Pause Remark 3824M->3452M(4096M) 42.952ms
[319.436s][info][gc] GC(328) Pause Young (Normal) (G1 Evacuation Pause) 3511M->2925M(4096M) 37.657ms
[319.933s][info][gc] GC(329) Pause Young (Normal) (G1 Evacuation Pause) 3883M->2936M(4096M) 56.251ms
[320.236s][info][gc] GC(330) Pause Young (Normal) (G1 Evacuation Pause) 3884M->2930M(4096M) 18.222ms
[320.677s][info][gc] GC(331) Pause Young (Normal) (G1 Evacuation Pause) 3884M->2950M(4096M) 39.164ms
[321.257s][info][gc] GC(332) Pause Young (Normal) (G1 Evacuation Pause) 3884M->2995M(4096M) 84.778ms
[321.788s][info][gc] GC(333) Pause Young (Normal) (G1 Evacuation Pause) 3883M->3054M(4096M) 61.175ms
[322.127s][info][gc] GC(334) Pause Young (Normal) (G1 Evacuation Pause) 3884M->3070M(4096M) 52.408ms
[322.144s][info][gc] GC(314) Pause Cleanup 3144M->3144M(4096M) 0.118ms
[322.172s][info][gc] GC(314) Concurrent Mark Cycle 7868.676ms
[322.331s][info][gc] GC(335) Pause Young (Prepare Mixed) (G1 Evacuation Pause) 3884M->3079M(4096M) 12.850ms
[322.548s][info][gc] GC(336) Pause Young (Mixed) (G1 Evacuation Pause) 3885M->3007M(4096M) 14.931ms
[322.804s][info][gc] GC(337) Pause Young (Concurrent Start) (G1 Evacuation Pause) 3885M->3013M(4096M) 20.283ms
[322.804s][info][gc] GC(338) Concurrent Mark Cycle
[323.219s][info][gc] GC(339) Pause Young (Normal) (G1 Evacuation Pause) 3885M->3032M(4096M) 41.946ms
[323.618s][info][gc] GC(340) Pause Young (Normal) (G1 Evacuation Pause) 3884M->3064M(4096M) 56.268ms
[323.946s][info][gc] GC(341) Pause Young (Normal) (G1 Evacuation Pause) 3884M->3118M(4096M) 67.360ms
[324.344s][info][gc] GC(342) Pause Young (Normal) (G1 Evacuation Pause) 3884M->3148M(4096M) 62.639ms
[324.627s][info][gc] GC(343) Pause Young (Normal) (G1 Evacuation Pause) 3884M->3157M(4096M) 23.991ms
[324.890s][info][gc] GC(344) Pause Young (Normal) (G1 Evacuation Pause) 3885M->3157M(4096M) 16.899ms
[325.134s][info][gc] GC(345) Pause Young (Normal) (G1 Evacuation Pause) 3885M->3158M(4096M) 15.706ms
[325.459s][info][gc] GC(346) Pause Young (Normal) (G1 Evacuation Pause) 3884M->3186M(4096M) 29.694ms
[325.868s][info][gc] GC(347) Pause Young (Normal) (G1 Evacuation Pause) 3884M->3203M(4096M) 29.312ms
[326.197s][info][gc] GC(348) Pause Young (Normal) (G1 Evacuation Pause) 3883M->3240M(4096M) 32.375ms
[326.470s][info][gc] GC(349) Pause Young (Normal) (G1 Evacuation Pause) 3884M->3276M(4096M) 37.435ms
[326.567s][info][gc] GC(338) Pause Remark 3560M->3156M(4096M) 14.829ms
[326.742s][info][gc] GC(350) Pause Young (Normal) (G1 Evacuation Pause) 3480M->2895M(4096M) 55.867ms
[327.182s][info][gc] GC(351) Pause Young (Normal) (G1 Evacuation Pause) 3885M->2908M(4096M) 51.069ms
[327.558s][info][gc] GC(352) Pause Young (Normal) (G1 Evacuation Pause) 3884M->2919M(4096M) 52.535ms
[328.023s][info][gc] GC(353) Pause Young (Normal) (G1 Evacuation Pause) 3885M->2941M(4096M) 42.181ms
[328.480s][info][gc] GC(354) Pause Young (Normal) (G1 Evacuation Pause) 3885M->2959M(4096M) 40.083ms
[328.885s][info][gc] GC(355) Pause Young (Normal) (G1 Evacuation Pause) 3885M->2997M(4096M) 33.303ms
[329.346s][info][gc] GC(356) Pause Young (Normal) (G1 Evacuation Pause) 3883M->3054M(4096M) 80.421ms
[329.498s][info][gc] GC(338) Pause Cleanup 3564M->3564M(4096M) 0.200ms
[329.537s][info][gc] GC(338) Concurrent Mark Cycle 6732.938ms
[329.681s][info][gc] GC(357) Pause Young (Prepare Mixed) (G1 Evacuation Pause) 3884M->3066M(4096M) 58.977ms
[329.921s][info][gc] GC(358) Pause Young (Mixed) (G1 Evacuation Pause) 3884M->2985M(4096M) 10.978ms
[330.219s][info][gc] GC(359) Pause Young (Concurrent Start) (G1 Evacuation Pause) 3883M->3000M(4096M) 22.183ms
[330.219s][info][gc] GC(360) Concurrent Mark Cycle
[330.762s][info][gc] GC(361) Pause Young (Normal) (G1 Evacuation Pause) 3884M->3016M(4096M) 24.609ms
[331.219s][info][gc] GC(362) Pause Young (Normal) (G1 Evacuation Pause) (Evacuation Failure: Pinned) 3884M->3050M(4096M) 61.020ms
[331.625s][info][gc] GC(363) Pause Young (Normal) (G1 Evacuation Pause) 3884M->3069M(4096M) 63.257ms
[332.035s][info][gc] GC(364) Pause Young (Normal) (G1 Evacuation Pause) 3885M->3121M(4096M) 57.739ms
[332.382s][info][gc] GC(365) Pause Young (Normal) (G1 Evacuation Pause) 3883M->3134M(4096M) 46.488ms
[332.662s][info][gc] GC(366) Pause Young (Normal) (G1 Evacuation Pause) 3884M->3140M(4096M) 28.470ms
[332.944s][info][gc] GC(367) Pause Young (Normal) (G1 Evacuation Pause) 3884M->3140M(4096M) 9.789ms
[333.251s][info][gc] GC(368) Pause Young (Normal) (G1 Evacuation Pause) 3884M->3140M(4096M) 10.422ms
[334.116s][info][gc] GC(360) Pause Remark 3724M->3292M(4096M) 55.702ms
[334.977s][info][gc] GC(360) Pause Cleanup 3292M->3292M(4096M) 0.223ms
[334.990s][info][gc] GC(360) Concurrent Mark Cycle 4770.877ms
